2025-02-25 14:26:07,034 [Worker-7: Loading available Gradle versions] INFO  o.e.b.c.i.u.g.PublishedGradleVersions - Gradle version information cache is not available. Remote download required.
2025-02-25 14:27:01,440 [Worker-0: Importing Maven projects] INFO  o.e.m.c.i.l.LifecycleMappingFactory - Using org.eclipse.m2e.jdt.JarLifecycleMapping lifecycle mapping for MavenProject: teste:teste:0.0.1-SNAPSHOT @ /home/smarcfs/Área de trabalho/aula java/teste/pom.xml.
2025-02-25 14:27:01,950 [Worker-0: Importing Maven projects] INFO  o.e.m.j.i.AbstractJavaProjectConfigurator - Adding source folder /teste/src/main/java
2025-02-25 14:27:01,951 [Worker-0: Importing Maven projects] INFO  o.e.m.j.i.AbstractJavaProjectConfigurator - Adding resource folder /teste/src/main/resources
2025-02-25 14:27:01,952 [Worker-0: Importing Maven projects] INFO  o.e.m.j.i.AbstractJavaProjectConfigurator - Adding resource folder /teste/src/main/resources
2025-02-25 14:27:01,953 [Worker-0: Importing Maven projects] INFO  o.e.m.j.i.AbstractJavaProjectConfigurator - Adding source folder /teste/src/test/java
2025-02-25 14:27:01,954 [Worker-0: Importing Maven projects] INFO  o.e.m.j.i.AbstractJavaProjectConfigurator - Adding resource folder /teste/src/test/resources
2025-02-25 14:27:02,244 [Worker-0: Importing Maven projects] INFO  o.e.m.c.i.p.ProjectConfigurationManager - Imported and configured 1 project(s) in 1 sec
2025-02-25 14:27:02,893 [Worker-13: Building] INFO  o.a.m.s.f.DefaultMavenResourcesFiltering - Copying 1 resource from src/main/resources to target/classes
2025-02-25 14:27:02,910 [Worker-13: Building] INFO  o.a.m.s.f.DefaultMavenResourcesFiltering - Copying 0 resource from src/main/resources to target/classes
2025-02-25 14:27:02,915 [Worker-13: Building] INFO  o.a.m.s.f.DefaultMavenResourcesFiltering - skip non existing resourceDirectory /home/smarcfs/Área de trabalho/aula java/teste/src/test/resources
2025-02-25 14:29:32,981 [Worker-2: Building] INFO  o.a.m.s.f.DefaultMavenResourcesFiltering - Copying 1 resource from src/main/resources to target/classes
2025-02-25 14:29:32,987 [Worker-2: Building] INFO  o.a.m.s.f.DefaultMavenResourcesFiltering - Copying 0 resource from src/main/resources to target/classes
2025-02-25 14:29:32,992 [Worker-2: Building] INFO  o.a.m.s.f.DefaultMavenResourcesFiltering - skip non existing resourceDirectory /home/smarcfs/Área de trabalho/aula java/teste/src/test/resources
2025-02-25 14:32:14,069 [Worker-0: Building] INFO  o.a.m.s.f.DefaultMavenResourcesFiltering - Copying 1 resource from src/main/resources to target/classes
2025-02-25 14:32:14,078 [Worker-0: Building] INFO  o.a.m.s.f.DefaultMavenResourcesFiltering - Copying 0 resource from src/main/resources to target/classes
2025-02-25 14:32:14,080 [Worker-0: Building] INFO  o.a.m.s.f.DefaultMavenResourcesFiltering - skip non existing resourceDirectory /home/smarcfs/Área de trabalho/aula java/teste/src/test/resources
2025-02-25 14:33:20,074 [Worker-13: Building] INFO  o.a.m.s.f.DefaultMavenResourcesFiltering - Copying 1 resource from src/main/resources to target/classes
2025-02-25 14:33:20,078 [Worker-13: Building] INFO  o.a.m.s.f.DefaultMavenResourcesFiltering - Copying 0 resource from src/main/resources to target/classes
2025-02-25 14:33:20,080 [Worker-13: Building] INFO  o.a.m.s.f.DefaultMavenResourcesFiltering - skip non existing resourceDirectory /home/smarcfs/Área de trabalho/aula java/teste/src/test/resources
2025-02-25 14:34:32,264 [Worker-8: Building] INFO  o.a.m.s.f.DefaultMavenResourcesFiltering - Copying 1 resource from src/main/resources to target/classes
2025-02-25 14:34:32,281 [Worker-8: Building] INFO  o.a.m.s.f.DefaultMavenResourcesFiltering - Copying 0 resource from src/main/resources to target/classes
2025-02-25 14:34:32,284 [Worker-8: Building] INFO  o.a.m.s.f.DefaultMavenResourcesFiltering - skip non existing resourceDirectory /home/smarcfs/Área de trabalho/aula java/teste/src/test/resources
2025-02-25 14:38:02,107 [Worker-8: Building] INFO  o.a.m.s.f.DefaultMavenResourcesFiltering - Copying 1 resource from src/main/resources to target/classes
2025-02-25 14:38:02,110 [Worker-8: Building] INFO  o.a.m.s.f.DefaultMavenResourcesFiltering - Copying 0 resource from src/main/resources to target/classes
2025-02-25 14:38:02,112 [Worker-8: Building] INFO  o.a.m.s.f.DefaultMavenResourcesFiltering - skip non existing resourceDirectory /home/smarcfs/Área de trabalho/aula java/teste/src/test/resources
2025-02-25 14:38:47,144 [Worker-6: Launching Executing verify in _home_smarcfs_Área de trabalho_aula java_teste] INFO  o.eclipse.m2e.core.internal.Bundles - getClasspathEntries(Bundle=org.eclipse.m2e.maven.runtime_3.9.900.20240824-1409 [361])
2025-02-25 14:38:47,145 [Worker-6: Launching Executing verify in _home_smarcfs_Área de trabalho_aula java_teste] INFO  o.eclipse.m2e.core.internal.Bundles - 	Entry: /opt/sts-4.28.1.RELEASE/plugins/org.eclipse.m2e.maven.runtime_3.9.900.20240824-1409
2025-02-25 14:38:47,145 [Worker-6: Launching Executing verify in _home_smarcfs_Área de trabalho_aula java_teste] INFO  o.eclipse.m2e.core.internal.Bundles - 	Entry: /opt/sts-4.28.1.RELEASE/plugins/org.eclipse.m2e.maven.runtime_3.9.900.20240824-1409/jars/aopalliance-1.0.jar
2025-02-25 14:38:47,145 [Worker-6: Launching Executing verify in _home_smarcfs_Área de trabalho_aula java_teste] INFO  o.eclipse.m2e.core.internal.Bundles - 	Entry: /opt/sts-4.28.1.RELEASE/plugins/org.eclipse.m2e.maven.runtime_3.9.900.20240824-1409/jars/guice-5.1.0.jar
2025-02-25 14:38:47,145 [Worker-6: Launching Executing verify in _home_smarcfs_Área de trabalho_aula java_teste] INFO  o.eclipse.m2e.core.internal.Bundles - 	Entry: /opt/sts-4.28.1.RELEASE/plugins/org.eclipse.m2e.maven.runtime_3.9.900.20240824-1409/jars/httpclient-4.5.14.jar
2025-02-25 14:38:47,146 [Worker-6: Launching Executing verify in _home_smarcfs_Área de trabalho_aula java_teste] INFO  o.eclipse.m2e.core.internal.Bundles - 	Entry: /opt/sts-4.28.1.RELEASE/plugins/org.eclipse.m2e.maven.runtime_3.9.900.20240824-1409/jars/httpcore-4.4.16.jar
2025-02-25 14:38:47,146 [Worker-6: Launching Executing verify in _home_smarcfs_Área de trabalho_aula java_teste] INFO  o.eclipse.m2e.core.internal.Bundles - 	Entry: /opt/sts-4.28.1.RELEASE/plugins/org.eclipse.m2e.maven.runtime_3.9.900.20240824-1409/jars/jansi-2.4.1.jar
2025-02-25 14:38:47,146 [Worker-6: Launching Executing verify in _home_smarcfs_Área de trabalho_aula java_teste] INFO  o.eclipse.m2e.core.internal.Bundles - 	Entry: /opt/sts-4.28.1.RELEASE/plugins/org.eclipse.m2e.maven.runtime_3.9.900.20240824-1409/jars/jcl-over-slf4j-1.7.36.jar
2025-02-25 14:38:47,146 [Worker-6: Launching Executing verify in _home_smarcfs_Área de trabalho_aula java_teste] INFO  o.eclipse.m2e.core.internal.Bundles - 	Entry: /opt/sts-4.28.1.RELEASE/plugins/org.eclipse.m2e.maven.runtime_3.9.900.20240824-1409/jars/maven-artifact-3.9.9.jar
2025-02-25 14:38:47,146 [Worker-6: Launching Executing verify in _home_smarcfs_Área de trabalho_aula java_teste] INFO  o.eclipse.m2e.core.internal.Bundles - 	Entry: /opt/sts-4.28.1.RELEASE/plugins/org.eclipse.m2e.maven.runtime_3.9.900.20240824-1409/jars/maven-builder-support-3.9.9.jar
2025-02-25 14:38:47,146 [Worker-6: Launching Executing verify in _home_smarcfs_Área de trabalho_aula java_teste] INFO  o.eclipse.m2e.core.internal.Bundles - 	Entry: /opt/sts-4.28.1.RELEASE/plugins/org.eclipse.m2e.maven.runtime_3.9.900.20240824-1409/jars/maven-compat-3.9.9.jar
2025-02-25 14:38:47,146 [Worker-6: Launching Executing verify in _home_smarcfs_Área de trabalho_aula java_teste] INFO  o.eclipse.m2e.core.internal.Bundles - 	Entry: /opt/sts-4.28.1.RELEASE/plugins/org.eclipse.m2e.maven.runtime_3.9.900.20240824-1409/jars/maven-core-3.9.9.jar
2025-02-25 14:38:47,146 [Worker-6: Launching Executing verify in _home_smarcfs_Área de trabalho_aula java_teste] INFO  o.eclipse.m2e.core.internal.Bundles - 	Entry: /opt/sts-4.28.1.RELEASE/plugins/org.eclipse.m2e.maven.runtime_3.9.900.20240824-1409/jars/maven-embedder-3.9.9.jar
2025-02-25 14:38:47,146 [Worker-6: Launching Executing verify in _home_smarcfs_Área de trabalho_aula java_teste] INFO  o.eclipse.m2e.core.internal.Bundles - 	Entry: /opt/sts-4.28.1.RELEASE/plugins/org.eclipse.m2e.maven.runtime_3.9.900.20240824-1409/jars/maven-model-3.9.9.jar
2025-02-25 14:38:47,146 [Worker-6: Launching Executing verify in _home_smarcfs_Área de trabalho_aula java_teste] INFO  o.eclipse.m2e.core.internal.Bundles - 	Entry: /opt/sts-4.28.1.RELEASE/plugins/org.eclipse.m2e.maven.runtime_3.9.900.20240824-1409/jars/maven-model-builder-3.9.9.jar
2025-02-25 14:38:47,146 [Worker-6: Launching Executing verify in _home_smarcfs_Área de trabalho_aula java_teste] INFO  o.eclipse.m2e.core.internal.Bundles - 	Entry: /opt/sts-4.28.1.RELEASE/plugins/org.eclipse.m2e.maven.runtime_3.9.900.20240824-1409/jars/maven-plugin-api-3.9.9.jar
2025-02-25 14:38:47,146 [Worker-6: Launching Executing verify in _home_smarcfs_Área de trabalho_aula java_teste] INFO  o.eclipse.m2e.core.internal.Bundles - 	Entry: /opt/sts-4.28.1.RELEASE/plugins/org.eclipse.m2e.maven.runtime_3.9.900.20240824-1409/jars/maven-repository-metadata-3.9.9.jar
2025-02-25 14:38:47,146 [Worker-6: Launching Executing verify in _home_smarcfs_Área de trabalho_aula java_teste] INFO  o.eclipse.m2e.core.internal.Bundles - 	Entry: /opt/sts-4.28.1.RELEASE/plugins/org.eclipse.m2e.maven.runtime_3.9.900.20240824-1409/jars/maven-resolver-api-1.9.22.jar
2025-02-25 14:38:47,146 [Worker-6: Launching Executing verify in _home_smarcfs_Área de trabalho_aula java_teste] INFO  o.eclipse.m2e.core.internal.Bundles - 	Entry: /opt/sts-4.28.1.RELEASE/plugins/org.eclipse.m2e.maven.runtime_3.9.900.20240824-1409/jars/maven-resolver-connector-basic-1.9.22.jar
2025-02-25 14:38:47,146 [Worker-6: Launching Executing verify in _home_smarcfs_Área de trabalho_aula java_teste] INFO  o.eclipse.m2e.core.internal.Bundles - 	Entry: /opt/sts-4.28.1.RELEASE/plugins/org.eclipse.m2e.maven.runtime_3.9.900.20240824-1409/jars/maven-resolver-impl-1.9.22.jar
2025-02-25 14:38:47,146 [Worker-6: Launching Executing verify in _home_smarcfs_Área de trabalho_aula java_teste] INFO  o.eclipse.m2e.core.internal.Bundles - 	Entry: /opt/sts-4.28.1.RELEASE/plugins/org.eclipse.m2e.maven.runtime_3.9.900.20240824-1409/jars/maven-resolver-named-locks-1.9.22.jar
2025-02-25 14:38:47,146 [Worker-6: Launching Executing verify in _home_smarcfs_Área de trabalho_aula java_teste] INFO  o.eclipse.m2e.core.internal.Bundles - 	Entry: /opt/sts-4.28.1.RELEASE/plugins/org.eclipse.m2e.maven.runtime_3.9.900.20240824-1409/jars/maven-resolver-provider-3.9.9.jar
2025-02-25 14:38:47,146 [Worker-6: Launching Executing verify in _home_smarcfs_Área de trabalho_aula java_teste] INFO  o.eclipse.m2e.core.internal.Bundles - 	Entry: /opt/sts-4.28.1.RELEASE/plugins/org.eclipse.m2e.maven.runtime_3.9.900.20240824-1409/jars/maven-resolver-spi-1.9.22.jar
2025-02-25 14:38:47,146 [Worker-6: Launching Executing verify in _home_smarcfs_Área de trabalho_aula java_teste] INFO  o.eclipse.m2e.core.internal.Bundles - 	Entry: /opt/sts-4.28.1.RELEASE/plugins/org.eclipse.m2e.maven.runtime_3.9.900.20240824-1409/jars/maven-resolver-transport-file-1.9.22.jar
2025-02-25 14:38:47,146 [Worker-6: Launching Executing verify in _home_smarcfs_Área de trabalho_aula java_teste] INFO  o.eclipse.m2e.core.internal.Bundles - 	Entry: /opt/sts-4.28.1.RELEASE/plugins/org.eclipse.m2e.maven.runtime_3.9.900.20240824-1409/jars/maven-resolver-transport-http-1.9.22.jar
2025-02-25 14:38:47,146 [Worker-6: Launching Executing verify in _home_smarcfs_Área de trabalho_aula java_teste] INFO  o.eclipse.m2e.core.internal.Bundles - 	Entry: /opt/sts-4.28.1.RELEASE/plugins/org.eclipse.m2e.maven.runtime_3.9.900.20240824-1409/jars/maven-resolver-transport-wagon-1.9.22.jar
2025-02-25 14:38:47,146 [Worker-6: Launching Executing verify in _home_smarcfs_Área de trabalho_aula java_teste] INFO  o.eclipse.m2e.core.internal.Bundles - 	Entry: /opt/sts-4.28.1.RELEASE/plugins/org.eclipse.m2e.maven.runtime_3.9.900.20240824-1409/jars/maven-resolver-util-1.9.22.jar
2025-02-25 14:38:47,146 [Worker-6: Launching Executing verify in _home_smarcfs_Área de trabalho_aula java_teste] INFO  o.eclipse.m2e.core.internal.Bundles - 	Entry: /opt/sts-4.28.1.RELEASE/plugins/org.eclipse.m2e.maven.runtime_3.9.900.20240824-1409/jars/maven-settings-3.9.9.jar
2025-02-25 14:38:47,146 [Worker-6: Launching Executing verify in _home_smarcfs_Área de trabalho_aula java_teste] INFO  o.eclipse.m2e.core.internal.Bundles - 	Entry: /opt/sts-4.28.1.RELEASE/plugins/org.eclipse.m2e.maven.runtime_3.9.900.20240824-1409/jars/maven-settings-builder-3.9.9.jar
2025-02-25 14:38:47,146 [Worker-6: Launching Executing verify in _home_smarcfs_Área de trabalho_aula java_teste] INFO  o.eclipse.m2e.core.internal.Bundles - 	Entry: /opt/sts-4.28.1.RELEASE/plugins/org.eclipse.m2e.maven.runtime_3.9.900.20240824-1409/jars/maven-shared-utils-3.4.2.jar
2025-02-25 14:38:47,146 [Worker-6: Launching Executing verify in _home_smarcfs_Área de trabalho_aula java_teste] INFO  o.eclipse.m2e.core.internal.Bundles - 	Entry: /opt/sts-4.28.1.RELEASE/plugins/org.eclipse.m2e.maven.runtime_3.9.900.20240824-1409/jars/org.eclipse.sisu.inject-0.9.0.M3.jar
2025-02-25 14:38:47,147 [Worker-6: Launching Executing verify in _home_smarcfs_Área de trabalho_aula java_teste] INFO  o.eclipse.m2e.core.internal.Bundles - 	Entry: /opt/sts-4.28.1.RELEASE/plugins/org.eclipse.m2e.maven.runtime_3.9.900.20240824-1409/jars/org.eclipse.sisu.plexus-0.9.0.M3.jar
2025-02-25 14:38:47,147 [Worker-6: Launching Executing verify in _home_smarcfs_Área de trabalho_aula java_teste] INFO  o.eclipse.m2e.core.internal.Bundles - 	Entry: /opt/sts-4.28.1.RELEASE/plugins/org.eclipse.m2e.maven.runtime_3.9.900.20240824-1409/jars/plexus-build-api-0.0.7.jar
2025-02-25 14:38:47,147 [Worker-6: Launching Executing verify in _home_smarcfs_Área de trabalho_aula java_teste] INFO  o.eclipse.m2e.core.internal.Bundles - 	Entry: /opt/sts-4.28.1.RELEASE/plugins/org.eclipse.m2e.maven.runtime_3.9.900.20240824-1409/jars/plexus-build-api-1.2.0.jar
2025-02-25 14:38:47,147 [Worker-6: Launching Executing verify in _home_smarcfs_Área de trabalho_aula java_teste] INFO  o.eclipse.m2e.core.internal.Bundles - 	Entry: /opt/sts-4.28.1.RELEASE/plugins/org.eclipse.m2e.maven.runtime_3.9.900.20240824-1409/jars/plexus-cipher-2.0.jar
2025-02-25 14:38:47,147 [Worker-6: Launching Executing verify in _home_smarcfs_Área de trabalho_aula java_teste] INFO  o.eclipse.m2e.core.internal.Bundles - 	Entry: /opt/sts-4.28.1.RELEASE/plugins/org.eclipse.m2e.maven.runtime_3.9.900.20240824-1409/jars/plexus-classworlds-2.8.0.jar
2025-02-25 14:38:47,147 [Worker-6: Launching Executing verify in _home_smarcfs_Área de trabalho_aula java_teste] INFO  o.eclipse.m2e.core.internal.Bundles - 	Entry: /opt/sts-4.28.1.RELEASE/plugins/org.eclipse.m2e.maven.runtime_3.9.900.20240824-1409/jars/plexus-component-annotations-2.1.0.jar
2025-02-25 14:38:47,147 [Worker-6: Launching Executing verify in _home_smarcfs_Área de trabalho_aula java_teste] INFO  o.eclipse.m2e.core.internal.Bundles - 	Entry: /opt/sts-4.28.1.RELEASE/plugins/org.eclipse.m2e.maven.runtime_3.9.900.20240824-1409/jars/plexus-interpolation-1.27.jar
2025-02-25 14:38:47,147 [Worker-6: Launching Executing verify in _home_smarcfs_Área de trabalho_aula java_teste] INFO  o.eclipse.m2e.core.internal.Bundles - 	Entry: /opt/sts-4.28.1.RELEASE/plugins/org.eclipse.m2e.maven.runtime_3.9.900.20240824-1409/jars/plexus-sec-dispatcher-2.0.jar
2025-02-25 14:38:47,147 [Worker-6: Launching Executing verify in _home_smarcfs_Área de trabalho_aula java_teste] INFO  o.eclipse.m2e.core.internal.Bundles - 	Entry: /opt/sts-4.28.1.RELEASE/plugins/org.eclipse.m2e.maven.runtime_3.9.900.20240824-1409/jars/plexus-utils-3.5.1.jar
2025-02-25 14:38:47,147 [Worker-6: Launching Executing verify in _home_smarcfs_Área de trabalho_aula java_teste] INFO  o.eclipse.m2e.core.internal.Bundles - 	Entry: /opt/sts-4.28.1.RELEASE/plugins/org.eclipse.m2e.maven.runtime_3.9.900.20240824-1409/jars/plexus-xml-3.0.1.jar
2025-02-25 14:38:47,147 [Worker-6: Launching Executing verify in _home_smarcfs_Área de trabalho_aula java_teste] INFO  o.eclipse.m2e.core.internal.Bundles - 	Entry: /opt/sts-4.28.1.RELEASE/plugins/org.eclipse.m2e.maven.runtime_3.9.900.20240824-1409/jars/wagon-file-3.5.3.jar
2025-02-25 14:38:47,147 [Worker-6: Launching Executing verify in _home_smarcfs_Área de trabalho_aula java_teste] INFO  o.eclipse.m2e.core.internal.Bundles - 	Entry: /opt/sts-4.28.1.RELEASE/plugins/org.eclipse.m2e.maven.runtime_3.9.900.20240824-1409/jars/wagon-http-3.5.3.jar
2025-02-25 14:38:47,147 [Worker-6: Launching Executing verify in _home_smarcfs_Área de trabalho_aula java_teste] INFO  o.eclipse.m2e.core.internal.Bundles - 	Entry: /opt/sts-4.28.1.RELEASE/plugins/org.eclipse.m2e.maven.runtime_3.9.900.20240824-1409/jars/wagon-http-shared-3.5.3.jar
2025-02-25 14:38:47,147 [Worker-6: Launching Executing verify in _home_smarcfs_Área de trabalho_aula java_teste] INFO  o.eclipse.m2e.core.internal.Bundles - 	Entry: /opt/sts-4.28.1.RELEASE/plugins/org.eclipse.m2e.maven.runtime_3.9.900.20240824-1409/jars/wagon-provider-api-3.5.3.jar
2025-02-25 14:38:47,148 [Worker-6: Launching Executing verify in _home_smarcfs_Área de trabalho_aula java_teste] INFO  o.eclipse.m2e.core.internal.Bundles - getClasspathEntries(Bundle=com.google.guava_33.3.1.jre [29])
2025-02-25 14:38:47,148 [Worker-6: Launching Executing verify in _home_smarcfs_Área de trabalho_aula java_teste] INFO  o.eclipse.m2e.core.internal.Bundles - 	Entry: /opt/sts-4.28.1.RELEASE/plugins/com.google.guava_33.3.1.jre.jar
2025-02-25 14:38:47,148 [Worker-6: Launching Executing verify in _home_smarcfs_Área de trabalho_aula java_teste] INFO  o.eclipse.m2e.core.internal.Bundles - getClasspathEntries(Bundle=slf4j.api_2.0.16 [611])
2025-02-25 14:38:47,148 [Worker-6: Launching Executing verify in _home_smarcfs_Área de trabalho_aula java_teste] INFO  o.eclipse.m2e.core.internal.Bundles - 	Entry: /opt/sts-4.28.1.RELEASE/plugins/slf4j.api_2.0.16.jar
2025-02-25 14:38:47,148 [Worker-6: Launching Executing verify in _home_smarcfs_Área de trabalho_aula java_teste] INFO  o.eclipse.m2e.core.internal.Bundles - getClasspathEntries(Bundle=jakarta.inject.jakarta.inject-api_1.0.5 [45])
2025-02-25 14:38:47,148 [Worker-6: Launching Executing verify in _home_smarcfs_Área de trabalho_aula java_teste] INFO  o.eclipse.m2e.core.internal.Bundles - 	Entry: /opt/sts-4.28.1.RELEASE/plugins/jakarta.inject.jakarta.inject-api_1.0.5.jar
2025-02-25 14:38:47,148 [Worker-6: Launching Executing verify in _home_smarcfs_Área de trabalho_aula java_teste] INFO  o.eclipse.m2e.core.internal.Bundles - getClasspathEntries(Bundle=jakarta.annotation-api_1.3.5 [41])
2025-02-25 14:38:47,148 [Worker-6: Launching Executing verify in _home_smarcfs_Área de trabalho_aula java_teste] INFO  o.eclipse.m2e.core.internal.Bundles - 	Entry: /opt/sts-4.28.1.RELEASE/plugins/jakarta.annotation-api_1.3.5.jar
2025-02-25 14:38:47,148 [Worker-6: Launching Executing verify in _home_smarcfs_Área de trabalho_aula java_teste] INFO  o.eclipse.m2e.core.internal.Bundles - getClasspathEntries(Bundle=org.apache.commons.cli_1.9.0 [78])
2025-02-25 14:38:47,148 [Worker-6: Launching Executing verify in _home_smarcfs_Área de trabalho_aula java_teste] INFO  o.eclipse.m2e.core.internal.Bundles - 	Entry: /opt/sts-4.28.1.RELEASE/plugins/org.apache.commons.cli_1.9.0.jar
2025-02-25 14:38:47,148 [Worker-6: Launching Executing verify in _home_smarcfs_Área de trabalho_aula java_teste] INFO  o.eclipse.m2e.core.internal.Bundles - getClasspathEntries(Bundle=org.apache.commons.commons-codec_1.16.0 [81])
2025-02-25 14:38:47,148 [Worker-6: Launching Executing verify in _home_smarcfs_Área de trabalho_aula java_teste] INFO  o.eclipse.m2e.core.internal.Bundles - 	Entry: /opt/sts-4.28.1.RELEASE/plugins/org.apache.commons.commons-codec_1.16.0.jar
2025-02-25 14:38:47,148 [Worker-6: Launching Executing verify in _home_smarcfs_Área de trabalho_aula java_teste] INFO  o.eclipse.m2e.core.internal.Bundles - getClasspathEntries(Bundle=com.google.guava.failureaccess_1.0.2 [30])
2025-02-25 14:38:47,148 [Worker-6: Launching Executing verify in _home_smarcfs_Área de trabalho_aula java_teste] INFO  o.eclipse.m2e.core.internal.Bundles - 	Entry: /opt/sts-4.28.1.RELEASE/plugins/com.google.guava.failureaccess_1.0.2.jar
2025-02-25 14:38:47,149 [Worker-6: Launching Executing verify in _home_smarcfs_Área de trabalho_aula java_teste] INFO  o.e.m.i.launch.MavenLaunchDelegate - Run build in "/home/smarcfs/Área de trabalho/aula java/teste":
2025-02-25 14:38:47,149 [Worker-6: Launching Executing verify in _home_smarcfs_Área de trabalho_aula java_teste] INFO  o.e.m.i.launch.MavenLaunchDelegate -  mvn  -B -Dstyle.color=always verify
2025-02-25 14:38:53,761 [Worker-0: Building] INFO  o.a.m.s.f.DefaultMavenResourcesFiltering - Copying 1 resource from src/main/resources to target/classes
2025-02-25 14:38:53,761 [Worker-0: Building] INFO  o.a.m.s.f.DefaultMavenResourcesFiltering - Copying 0 resource from src/main/resources to target/classes
2025-02-25 14:38:53,763 [Worker-0: Building] INFO  o.a.m.s.f.DefaultMavenResourcesFiltering - skip non existing resourceDirectory /home/smarcfs/Área de trabalho/aula java/teste/src/test/resources
2025-02-25 15:04:06,869 [Worker-14: Building] INFO  o.e.m.c.i.l.LifecycleMappingFactory - Using org.eclipse.m2e.jdt.JarLifecycleMapping lifecycle mapping for MavenProject: teste:teste:0.0.1-SNAPSHOT @ /home/smarcfs/Área de trabalho/aula java/teste/pom.xml.
2025-02-25 15:04:07,091 [Worker-14: Building] INFO  o.a.m.s.f.DefaultMavenResourcesFiltering - Copying 0 resource from src/main/resources to target/classes
2025-02-25 15:04:07,092 [Worker-14: Building] INFO  o.a.m.s.f.DefaultMavenResourcesFiltering - Copying 0 resource from src/main/resources to target/classes
2025-02-25 15:04:07,095 [Worker-14: Building] INFO  o.a.m.s.f.DefaultMavenResourcesFiltering - skip non existing resourceDirectory /home/smarcfs/Área de trabalho/aula java/teste/src/test/resources
2025-02-25 15:04:08,289 [Worker-14: Building] INFO  o.a.m.s.f.DefaultMavenResourcesFiltering - Copying 1 resource from src/main/resources to target/classes
2025-02-25 15:04:08,300 [Worker-14: Building] INFO  o.a.m.s.f.DefaultMavenResourcesFiltering - Copying 0 resource from src/main/resources to target/classes
2025-02-25 15:04:08,302 [Worker-14: Building] INFO  o.a.m.s.f.DefaultMavenResourcesFiltering - skip non existing resourceDirectory /home/smarcfs/Área de trabalho/aula java/teste/src/test/resources
2025-02-25 15:04:54,276 [Worker-7: Building] INFO  o.e.m.c.i.l.LifecycleMappingFactory - Using org.eclipse.m2e.jdt.JarLifecycleMapping lifecycle mapping for MavenProject: teste:teste:0.0.1-SNAPSHOT @ /home/smarcfs/Área de trabalho/aula java/teste/pom.xml.
2025-02-25 15:04:54,441 [Worker-7: Building] INFO  o.a.m.s.f.DefaultMavenResourcesFiltering - Copying 0 resource from src/main/resources to target/classes
2025-02-25 15:04:54,442 [Worker-7: Building] INFO  o.a.m.s.f.DefaultMavenResourcesFiltering - Copying 0 resource from src/main/resources to target/classes
2025-02-25 15:04:54,446 [Worker-7: Building] INFO  o.a.m.s.f.DefaultMavenResourcesFiltering - skip non existing resourceDirectory /home/smarcfs/Área de trabalho/aula java/teste/src/test/resources
2025-02-25 15:06:10,921 [Worker-18: Building] INFO  o.a.m.s.f.DefaultMavenResourcesFiltering - Copying 1 resource from src/main/resources to target/classes
2025-02-25 15:06:10,930 [Worker-18: Building] INFO  o.a.m.s.f.DefaultMavenResourcesFiltering - Copying 0 resource from src/main/resources to target/classes
2025-02-25 15:06:10,932 [Worker-18: Building] INFO  o.a.m.s.f.DefaultMavenResourcesFiltering - skip non existing resourceDirectory /home/smarcfs/Área de trabalho/aula java/teste/src/test/resources
2025-02-25 15:07:43,291 [Worker-7: Building] INFO  o.a.m.s.f.DefaultMavenResourcesFiltering - Copying 1 resource from src/main/resources to target/classes
2025-02-25 15:07:43,295 [Worker-7: Building] INFO  o.a.m.s.f.DefaultMavenResourcesFiltering - Copying 0 resource from src/main/resources to target/classes
2025-02-25 15:07:43,298 [Worker-7: Building] INFO  o.a.m.s.f.DefaultMavenResourcesFiltering - skip non existing resourceDirectory /home/smarcfs/Área de trabalho/aula java/teste/src/test/resources
2025-02-25 15:10:34,388 [Worker-14: Building] INFO  o.a.m.s.f.DefaultMavenResourcesFiltering - Copying 1 resource from src/main/resources to target/classes
2025-02-25 15:10:34,401 [Worker-14: Building] INFO  o.a.m.s.f.DefaultMavenResourcesFiltering - Copying 0 resource from src/main/resources to target/classes
2025-02-25 15:10:34,403 [Worker-14: Building] INFO  o.a.m.s.f.DefaultMavenResourcesFiltering - skip non existing resourceDirectory /home/smarcfs/Área de trabalho/aula java/teste/src/test/resources
2025-02-25 15:13:40,776 [Worker-20: Building] INFO  o.a.m.s.f.DefaultMavenResourcesFiltering - Copying 2 resources from src/main/resources to target/classes
2025-02-25 15:13:40,784 [Worker-20: Building] INFO  o.a.m.s.f.DefaultMavenResourcesFiltering - Copying 0 resource from src/main/resources to target/classes
2025-02-25 15:13:40,786 [Worker-20: Building] INFO  o.a.m.s.f.DefaultMavenResourcesFiltering - skip non existing resourceDirectory /home/smarcfs/Área de trabalho/aula java/teste/src/test/resources
2025-02-25 15:22:07,662 [Worker-7: Launching teste - TesteApplication] INFO  o.a.m.s.f.DefaultMavenResourcesFiltering - Copying 2 resources from src/main/resources to target/classes
2025-02-25 15:22:07,670 [Worker-7: Launching teste - TesteApplication] INFO  o.a.m.s.f.DefaultMavenResourcesFiltering - Copying 0 resource from src/main/resources to target/classes
2025-02-25 15:22:07,673 [Worker-7: Launching teste - TesteApplication] INFO  o.a.m.s.f.DefaultMavenResourcesFiltering - skip non existing resourceDirectory /home/smarcfs/Área de trabalho/aula java/teste/src/test/resources
2025-02-25 15:30:53,651 [Worker-21: Building] INFO  o.a.m.s.f.DefaultMavenResourcesFiltering - Copying 1 resource from src/main/resources to target/classes
2025-02-25 15:30:53,664 [Worker-21: Building] INFO  o.a.m.s.f.DefaultMavenResourcesFiltering - Copying 0 resource from src/main/resources to target/classes
2025-02-25 15:30:53,668 [Worker-21: Building] INFO  o.a.m.s.f.DefaultMavenResourcesFiltering - skip non existing resourceDirectory /home/smarcfs/Área de trabalho/aula java/teste/src/test/resources
2025-02-25 15:31:14,630 [Worker-21: Building] INFO  o.a.m.s.f.DefaultMavenResourcesFiltering - Copying 1 resource from src/main/resources to target/classes
2025-02-25 15:31:14,642 [Worker-21: Building] INFO  o.a.m.s.f.DefaultMavenResourcesFiltering - Copying 0 resource from src/main/resources to target/classes
2025-02-25 15:31:14,645 [Worker-21: Building] INFO  o.a.m.s.f.DefaultMavenResourcesFiltering - skip non existing resourceDirectory /home/smarcfs/Área de trabalho/aula java/teste/src/test/resources
2025-02-25 15:33:28,433 [Worker-19: Building] INFO  o.a.m.s.f.DefaultMavenResourcesFiltering - Copying 1 resource from src/main/resources to target/classes
2025-02-25 15:33:28,436 [Worker-19: Building] INFO  o.a.m.s.f.DefaultMavenResourcesFiltering - Copying 0 resource from src/main/resources to target/classes
2025-02-25 15:33:28,438 [Worker-19: Building] INFO  o.a.m.s.f.DefaultMavenResourcesFiltering - skip non existing resourceDirectory /home/smarcfs/Área de trabalho/aula java/teste/src/test/resources
2025-02-25 15:36:06,651 [Worker-14: Building] INFO  o.a.m.s.f.DefaultMavenResourcesFiltering - Copying 1 resource from src/main/resources to target/classes
2025-02-25 15:36:06,667 [Worker-14: Building] INFO  o.a.m.s.f.DefaultMavenResourcesFiltering - Copying 0 resource from src/main/resources to target/classes
2025-02-25 15:36:06,673 [Worker-14: Building] INFO  o.a.m.s.f.DefaultMavenResourcesFiltering - skip non existing resourceDirectory /home/smarcfs/Área de trabalho/aula java/teste/src/test/resources
2025-02-25 15:37:28,736 [Worker-22: Building] INFO  o.a.m.s.f.DefaultMavenResourcesFiltering - Copying 0 resource from src/main/resources to target/classes
2025-02-25 15:37:28,737 [Worker-22: Building] INFO  o.a.m.s.f.DefaultMavenResourcesFiltering - Copying 0 resource from src/main/resources to target/classes
2025-02-25 15:37:28,739 [Worker-22: Building] INFO  o.a.m.s.f.DefaultMavenResourcesFiltering - skip non existing resourceDirectory /home/smarcfs/Área de trabalho/aula java/teste/src/test/resources
2025-02-25 15:37:30,932 [Worker-16: Building] INFO  o.a.m.s.f.DefaultMavenResourcesFiltering - Copying 0 resource from src/main/resources to target/classes
2025-02-25 15:37:30,933 [Worker-16: Building] INFO  o.a.m.s.f.DefaultMavenResourcesFiltering - Copying 0 resource from src/main/resources to target/classes
2025-02-25 15:37:30,934 [Worker-16: Building] INFO  o.a.m.s.f.DefaultMavenResourcesFiltering - skip non existing resourceDirectory /home/smarcfs/Área de trabalho/aula java/teste/src/test/resources
2025-02-25 16:01:17,638 [Worker-16: Building] INFO  o.a.m.s.f.DefaultMavenResourcesFiltering - Copying 2 resources from src/main/resources to target/classes
2025-02-25 16:01:17,645 [Worker-16: Building] INFO  o.a.m.s.f.DefaultMavenResourcesFiltering - Copying 0 resource from src/main/resources to target/classes
2025-02-25 16:01:17,647 [Worker-16: Building] INFO  o.a.m.s.f.DefaultMavenResourcesFiltering - skip non existing resourceDirectory /home/smarcfs/Área de trabalho/aula java/teste/src/test/resources
2025-02-25 16:01:24,597 [Worker-24: Launching Executing verify in _home_smarcfs_Área de trabalho_aula java_teste] INFO  o.eclipse.m2e.core.internal.Bundles - getClasspathEntries(Bundle=org.eclipse.m2e.maven.runtime_3.9.900.20240824-1409 [361])
2025-02-25 16:01:24,597 [Worker-24: Launching Executing verify in _home_smarcfs_Área de trabalho_aula java_teste] INFO  o.eclipse.m2e.core.internal.Bundles - 	Entry: /opt/sts-4.28.1.RELEASE/plugins/org.eclipse.m2e.maven.runtime_3.9.900.20240824-1409
2025-02-25 16:01:24,597 [Worker-24: Launching Executing verify in _home_smarcfs_Área de trabalho_aula java_teste] INFO  o.eclipse.m2e.core.internal.Bundles - 	Entry: /opt/sts-4.28.1.RELEASE/plugins/org.eclipse.m2e.maven.runtime_3.9.900.20240824-1409/jars/aopalliance-1.0.jar
2025-02-25 16:01:24,597 [Worker-24: Launching Executing verify in _home_smarcfs_Área de trabalho_aula java_teste] INFO  o.eclipse.m2e.core.internal.Bundles - 	Entry: /opt/sts-4.28.1.RELEASE/plugins/org.eclipse.m2e.maven.runtime_3.9.900.20240824-1409/jars/guice-5.1.0.jar
2025-02-25 16:01:24,597 [Worker-24: Launching Executing verify in _home_smarcfs_Área de trabalho_aula java_teste] INFO  o.eclipse.m2e.core.internal.Bundles - 	Entry: /opt/sts-4.28.1.RELEASE/plugins/org.eclipse.m2e.maven.runtime_3.9.900.20240824-1409/jars/httpclient-4.5.14.jar
2025-02-25 16:01:24,597 [Worker-24: Launching Executing verify in _home_smarcfs_Área de trabalho_aula java_teste] INFO  o.eclipse.m2e.core.internal.Bundles - 	Entry: /opt/sts-4.28.1.RELEASE/plugins/org.eclipse.m2e.maven.runtime_3.9.900.20240824-1409/jars/httpcore-4.4.16.jar
2025-02-25 16:01:24,597 [Worker-24: Launching Executing verify in _home_smarcfs_Área de trabalho_aula java_teste] INFO  o.eclipse.m2e.core.internal.Bundles - 	Entry: /opt/sts-4.28.1.RELEASE/plugins/org.eclipse.m2e.maven.runtime_3.9.900.20240824-1409/jars/jansi-2.4.1.jar
2025-02-25 16:01:24,598 [Worker-24: Launching Executing verify in _home_smarcfs_Área de trabalho_aula java_teste] INFO  o.eclipse.m2e.core.internal.Bundles - 	Entry: /opt/sts-4.28.1.RELEASE/plugins/org.eclipse.m2e.maven.runtime_3.9.900.20240824-1409/jars/jcl-over-slf4j-1.7.36.jar
2025-02-25 16:01:24,598 [Worker-24: Launching Executing verify in _home_smarcfs_Área de trabalho_aula java_teste] INFO  o.eclipse.m2e.core.internal.Bundles - 	Entry: /opt/sts-4.28.1.RELEASE/plugins/org.eclipse.m2e.maven.runtime_3.9.900.20240824-1409/jars/maven-artifact-3.9.9.jar
2025-02-25 16:01:24,598 [Worker-24: Launching Executing verify in _home_smarcfs_Área de trabalho_aula java_teste] INFO  o.eclipse.m2e.core.internal.Bundles - 	Entry: /opt/sts-4.28.1.RELEASE/plugins/org.eclipse.m2e.maven.runtime_3.9.900.20240824-1409/jars/maven-builder-support-3.9.9.jar
2025-02-25 16:01:24,598 [Worker-24: Launching Executing verify in _home_smarcfs_Área de trabalho_aula java_teste] INFO  o.eclipse.m2e.core.internal.Bundles - 	Entry: /opt/sts-4.28.1.RELEASE/plugins/org.eclipse.m2e.maven.runtime_3.9.900.20240824-1409/jars/maven-compat-3.9.9.jar
2025-02-25 16:01:24,598 [Worker-24: Launching Executing verify in _home_smarcfs_Área de trabalho_aula java_teste] INFO  o.eclipse.m2e.core.internal.Bundles - 	Entry: /opt/sts-4.28.1.RELEASE/plugins/org.eclipse.m2e.maven.runtime_3.9.900.20240824-1409/jars/maven-core-3.9.9.jar
2025-02-25 16:01:24,598 [Worker-24: Launching Executing verify in _home_smarcfs_Área de trabalho_aula java_teste] INFO  o.eclipse.m2e.core.internal.Bundles - 	Entry: /opt/sts-4.28.1.RELEASE/plugins/org.eclipse.m2e.maven.runtime_3.9.900.20240824-1409/jars/maven-embedder-3.9.9.jar
2025-02-25 16:01:24,598 [Worker-24: Launching Executing verify in _home_smarcfs_Área de trabalho_aula java_teste] INFO  o.eclipse.m2e.core.internal.Bundles - 	Entry: /opt/sts-4.28.1.RELEASE/plugins/org.eclipse.m2e.maven.runtime_3.9.900.20240824-1409/jars/maven-model-3.9.9.jar
2025-02-25 16:01:24,598 [Worker-24: Launching Executing verify in _home_smarcfs_Área de trabalho_aula java_teste] INFO  o.eclipse.m2e.core.internal.Bundles - 	Entry: /opt/sts-4.28.1.RELEASE/plugins/org.eclipse.m2e.maven.runtime_3.9.900.20240824-1409/jars/maven-model-builder-3.9.9.jar
2025-02-25 16:01:24,598 [Worker-24: Launching Executing verify in _home_smarcfs_Área de trabalho_aula java_teste] INFO  o.eclipse.m2e.core.internal.Bundles - 	Entry: /opt/sts-4.28.1.RELEASE/plugins/org.eclipse.m2e.maven.runtime_3.9.900.20240824-1409/jars/maven-plugin-api-3.9.9.jar
2025-02-25 16:01:24,598 [Worker-24: Launching Executing verify in _home_smarcfs_Área de trabalho_aula java_teste] INFO  o.eclipse.m2e.core.internal.Bundles - 	Entry: /opt/sts-4.28.1.RELEASE/plugins/org.eclipse.m2e.maven.runtime_3.9.900.20240824-1409/jars/maven-repository-metadata-3.9.9.jar
2025-02-25 16:01:24,598 [Worker-24: Launching Executing verify in _home_smarcfs_Área de trabalho_aula java_teste] INFO  o.eclipse.m2e.core.internal.Bundles - 	Entry: /opt/sts-4.28.1.RELEASE/plugins/org.eclipse.m2e.maven.runtime_3.9.900.20240824-1409/jars/maven-resolver-api-1.9.22.jar
2025-02-25 16:01:24,598 [Worker-24: Launching Executing verify in _home_smarcfs_Área de trabalho_aula java_teste] INFO  o.eclipse.m2e.core.internal.Bundles - 	Entry: /opt/sts-4.28.1.RELEASE/plugins/org.eclipse.m2e.maven.runtime_3.9.900.20240824-1409/jars/maven-resolver-connector-basic-1.9.22.jar
2025-02-25 16:01:24,598 [Worker-24: Launching Executing verify in _home_smarcfs_Área de trabalho_aula java_teste] INFO  o.eclipse.m2e.core.internal.Bundles - 	Entry: /opt/sts-4.28.1.RELEASE/plugins/org.eclipse.m2e.maven.runtime_3.9.900.20240824-1409/jars/maven-resolver-impl-1.9.22.jar
2025-02-25 16:01:24,598 [Worker-24: Launching Executing verify in _home_smarcfs_Área de trabalho_aula java_teste] INFO  o.eclipse.m2e.core.internal.Bundles - 	Entry: /opt/sts-4.28.1.RELEASE/plugins/org.eclipse.m2e.maven.runtime_3.9.900.20240824-1409/jars/maven-resolver-named-locks-1.9.22.jar
2025-02-25 16:01:24,598 [Worker-24: Launching Executing verify in _home_smarcfs_Área de trabalho_aula java_teste] INFO  o.eclipse.m2e.core.internal.Bundles - 	Entry: /opt/sts-4.28.1.RELEASE/plugins/org.eclipse.m2e.maven.runtime_3.9.900.20240824-1409/jars/maven-resolver-provider-3.9.9.jar
2025-02-25 16:01:24,598 [Worker-24: Launching Executing verify in _home_smarcfs_Área de trabalho_aula java_teste] INFO  o.eclipse.m2e.core.internal.Bundles - 	Entry: /opt/sts-4.28.1.RELEASE/plugins/org.eclipse.m2e.maven.runtime_3.9.900.20240824-1409/jars/maven-resolver-spi-1.9.22.jar
2025-02-25 16:01:24,598 [Worker-24: Launching Executing verify in _home_smarcfs_Área de trabalho_aula java_teste] INFO  o.eclipse.m2e.core.internal.Bundles - 	Entry: /opt/sts-4.28.1.RELEASE/plugins/org.eclipse.m2e.maven.runtime_3.9.900.20240824-1409/jars/maven-resolver-transport-file-1.9.22.jar
2025-02-25 16:01:24,598 [Worker-24: Launching Executing verify in _home_smarcfs_Área de trabalho_aula java_teste] INFO  o.eclipse.m2e.core.internal.Bundles - 	Entry: /opt/sts-4.28.1.RELEASE/plugins/org.eclipse.m2e.maven.runtime_3.9.900.20240824-1409/jars/maven-resolver-transport-http-1.9.22.jar
2025-02-25 16:01:24,598 [Worker-24: Launching Executing verify in _home_smarcfs_Área de trabalho_aula java_teste] INFO  o.eclipse.m2e.core.internal.Bundles - 	Entry: /opt/sts-4.28.1.RELEASE/plugins/org.eclipse.m2e.maven.runtime_3.9.900.20240824-1409/jars/maven-resolver-transport-wagon-1.9.22.jar
2025-02-25 16:01:24,598 [Worker-24: Launching Executing verify in _home_smarcfs_Área de trabalho_aula java_teste] INFO  o.eclipse.m2e.core.internal.Bundles - 	Entry: /opt/sts-4.28.1.RELEASE/plugins/org.eclipse.m2e.maven.runtime_3.9.900.20240824-1409/jars/maven-resolver-util-1.9.22.jar
2025-02-25 16:01:24,598 [Worker-24: Launching Executing verify in _home_smarcfs_Área de trabalho_aula java_teste] INFO  o.eclipse.m2e.core.internal.Bundles - 	Entry: /opt/sts-4.28.1.RELEASE/plugins/org.eclipse.m2e.maven.runtime_3.9.900.20240824-1409/jars/maven-settings-3.9.9.jar
2025-02-25 16:01:24,598 [Worker-24: Launching Executing verify in _home_smarcfs_Área de trabalho_aula java_teste] INFO  o.eclipse.m2e.core.internal.Bundles - 	Entry: /opt/sts-4.28.1.RELEASE/plugins/org.eclipse.m2e.maven.runtime_3.9.900.20240824-1409/jars/maven-settings-builder-3.9.9.jar
2025-02-25 16:01:24,598 [Worker-24: Launching Executing verify in _home_smarcfs_Área de trabalho_aula java_teste] INFO  o.eclipse.m2e.core.internal.Bundles - 	Entry: /opt/sts-4.28.1.RELEASE/plugins/org.eclipse.m2e.maven.runtime_3.9.900.20240824-1409/jars/maven-shared-utils-3.4.2.jar
2025-02-25 16:01:24,598 [Worker-24: Launching Executing verify in _home_smarcfs_Área de trabalho_aula java_teste] INFO  o.eclipse.m2e.core.internal.Bundles - 	Entry: /opt/sts-4.28.1.RELEASE/plugins/org.eclipse.m2e.maven.runtime_3.9.900.20240824-1409/jars/org.eclipse.sisu.inject-0.9.0.M3.jar
2025-02-25 16:01:24,599 [Worker-24: Launching Executing verify in _home_smarcfs_Área de trabalho_aula java_teste] INFO  o.eclipse.m2e.core.internal.Bundles - 	Entry: /opt/sts-4.28.1.RELEASE/plugins/org.eclipse.m2e.maven.runtime_3.9.900.20240824-1409/jars/org.eclipse.sisu.plexus-0.9.0.M3.jar
2025-02-25 16:01:24,599 [Worker-24: Launching Executing verify in _home_smarcfs_Área de trabalho_aula java_teste] INFO  o.eclipse.m2e.core.internal.Bundles - 	Entry: /opt/sts-4.28.1.RELEASE/plugins/org.eclipse.m2e.maven.runtime_3.9.900.20240824-1409/jars/plexus-build-api-0.0.7.jar
2025-02-25 16:01:24,599 [Worker-24: Launching Executing verify in _home_smarcfs_Área de trabalho_aula java_teste] INFO  o.eclipse.m2e.core.internal.Bundles - 	Entry: /opt/sts-4.28.1.RELEASE/plugins/org.eclipse.m2e.maven.runtime_3.9.900.20240824-1409/jars/plexus-build-api-1.2.0.jar
2025-02-25 16:01:24,599 [Worker-24: Launching Executing verify in _home_smarcfs_Área de trabalho_aula java_teste] INFO  o.eclipse.m2e.core.internal.Bundles - 	Entry: /opt/sts-4.28.1.RELEASE/plugins/org.eclipse.m2e.maven.runtime_3.9.900.20240824-1409/jars/plexus-cipher-2.0.jar
2025-02-25 16:01:24,599 [Worker-24: Launching Executing verify in _home_smarcfs_Área de trabalho_aula java_teste] INFO  o.eclipse.m2e.core.internal.Bundles - 	Entry: /opt/sts-4.28.1.RELEASE/plugins/org.eclipse.m2e.maven.runtime_3.9.900.20240824-1409/jars/plexus-classworlds-2.8.0.jar
2025-02-25 16:01:24,599 [Worker-24: Launching Executing verify in _home_smarcfs_Área de trabalho_aula java_teste] INFO  o.eclipse.m2e.core.internal.Bundles - 	Entry: /opt/sts-4.28.1.RELEASE/plugins/org.eclipse.m2e.maven.runtime_3.9.900.20240824-1409/jars/plexus-component-annotations-2.1.0.jar
2025-02-25 16:01:24,599 [Worker-24: Launching Executing verify in _home_smarcfs_Área de trabalho_aula java_teste] INFO  o.eclipse.m2e.core.internal.Bundles - 	Entry: /opt/sts-4.28.1.RELEASE/plugins/org.eclipse.m2e.maven.runtime_3.9.900.20240824-1409/jars/plexus-interpolation-1.27.jar
2025-02-25 16:01:24,599 [Worker-24: Launching Executing verify in _home_smarcfs_Área de trabalho_aula java_teste] INFO  o.eclipse.m2e.core.internal.Bundles - 	Entry: /opt/sts-4.28.1.RELEASE/plugins/org.eclipse.m2e.maven.runtime_3.9.900.20240824-1409/jars/plexus-sec-dispatcher-2.0.jar
2025-02-25 16:01:24,599 [Worker-24: Launching Executing verify in _home_smarcfs_Área de trabalho_aula java_teste] INFO  o.eclipse.m2e.core.internal.Bundles - 	Entry: /opt/sts-4.28.1.RELEASE/plugins/org.eclipse.m2e.maven.runtime_3.9.900.20240824-1409/jars/plexus-utils-3.5.1.jar
2025-02-25 16:01:24,599 [Worker-24: Launching Executing verify in _home_smarcfs_Área de trabalho_aula java_teste] INFO  o.eclipse.m2e.core.internal.Bundles - 	Entry: /opt/sts-4.28.1.RELEASE/plugins/org.eclipse.m2e.maven.runtime_3.9.900.20240824-1409/jars/plexus-xml-3.0.1.jar
2025-02-25 16:01:24,599 [Worker-24: Launching Executing verify in _home_smarcfs_Área de trabalho_aula java_teste] INFO  o.eclipse.m2e.core.internal.Bundles - 	Entry: /opt/sts-4.28.1.RELEASE/plugins/org.eclipse.m2e.maven.runtime_3.9.900.20240824-1409/jars/wagon-file-3.5.3.jar
2025-02-25 16:01:24,599 [Worker-24: Launching Executing verify in _home_smarcfs_Área de trabalho_aula java_teste] INFO  o.eclipse.m2e.core.internal.Bundles - 	Entry: /opt/sts-4.28.1.RELEASE/plugins/org.eclipse.m2e.maven.runtime_3.9.900.20240824-1409/jars/wagon-http-3.5.3.jar
2025-02-25 16:01:24,599 [Worker-24: Launching Executing verify in _home_smarcfs_Área de trabalho_aula java_teste] INFO  o.eclipse.m2e.core.internal.Bundles - 	Entry: /opt/sts-4.28.1.RELEASE/plugins/org.eclipse.m2e.maven.runtime_3.9.900.20240824-1409/jars/wagon-http-shared-3.5.3.jar
2025-02-25 16:01:24,599 [Worker-24: Launching Executing verify in _home_smarcfs_Área de trabalho_aula java_teste] INFO  o.eclipse.m2e.core.internal.Bundles - 	Entry: /opt/sts-4.28.1.RELEASE/plugins/org.eclipse.m2e.maven.runtime_3.9.900.20240824-1409/jars/wagon-provider-api-3.5.3.jar
2025-02-25 16:01:24,599 [Worker-24: Launching Executing verify in _home_smarcfs_Área de trabalho_aula java_teste] INFO  o.eclipse.m2e.core.internal.Bundles - getClasspathEntries(Bundle=com.google.guava_33.3.1.jre [29])
2025-02-25 16:01:24,599 [Worker-24: Launching Executing verify in _home_smarcfs_Área de trabalho_aula java_teste] INFO  o.eclipse.m2e.core.internal.Bundles - 	Entry: /opt/sts-4.28.1.RELEASE/plugins/com.google.guava_33.3.1.jre.jar
2025-02-25 16:01:24,599 [Worker-24: Launching Executing verify in _home_smarcfs_Área de trabalho_aula java_teste] INFO  o.eclipse.m2e.core.internal.Bundles - getClasspathEntries(Bundle=slf4j.api_2.0.16 [611])
2025-02-25 16:01:24,599 [Worker-24: Launching Executing verify in _home_smarcfs_Área de trabalho_aula java_teste] INFO  o.eclipse.m2e.core.internal.Bundles - 	Entry: /opt/sts-4.28.1.RELEASE/plugins/slf4j.api_2.0.16.jar
2025-02-25 16:01:24,599 [Worker-24: Launching Executing verify in _home_smarcfs_Área de trabalho_aula java_teste] INFO  o.eclipse.m2e.core.internal.Bundles - getClasspathEntries(Bundle=jakarta.inject.jakarta.inject-api_1.0.5 [45])
2025-02-25 16:01:24,599 [Worker-24: Launching Executing verify in _home_smarcfs_Área de trabalho_aula java_teste] INFO  o.eclipse.m2e.core.internal.Bundles - 	Entry: /opt/sts-4.28.1.RELEASE/plugins/jakarta.inject.jakarta.inject-api_1.0.5.jar
2025-02-25 16:01:24,599 [Worker-24: Launching Executing verify in _home_smarcfs_Área de trabalho_aula java_teste] INFO  o.eclipse.m2e.core.internal.Bundles - getClasspathEntries(Bundle=jakarta.annotation-api_1.3.5 [41])
2025-02-25 16:01:24,599 [Worker-24: Launching Executing verify in _home_smarcfs_Área de trabalho_aula java_teste] INFO  o.eclipse.m2e.core.internal.Bundles - 	Entry: /opt/sts-4.28.1.RELEASE/plugins/jakarta.annotation-api_1.3.5.jar
2025-02-25 16:01:24,599 [Worker-24: Launching Executing verify in _home_smarcfs_Área de trabalho_aula java_teste] INFO  o.eclipse.m2e.core.internal.Bundles - getClasspathEntries(Bundle=org.apache.commons.cli_1.9.0 [78])
2025-02-25 16:01:24,599 [Worker-24: Launching Executing verify in _home_smarcfs_Área de trabalho_aula java_teste] INFO  o.eclipse.m2e.core.internal.Bundles - 	Entry: /opt/sts-4.28.1.RELEASE/plugins/org.apache.commons.cli_1.9.0.jar
2025-02-25 16:01:24,599 [Worker-24: Launching Executing verify in _home_smarcfs_Área de trabalho_aula java_teste] INFO  o.eclipse.m2e.core.internal.Bundles - getClasspathEntries(Bundle=org.apache.commons.commons-codec_1.16.0 [81])
2025-02-25 16:01:24,599 [Worker-24: Launching Executing verify in _home_smarcfs_Área de trabalho_aula java_teste] INFO  o.eclipse.m2e.core.internal.Bundles - 	Entry: /opt/sts-4.28.1.RELEASE/plugins/org.apache.commons.commons-codec_1.16.0.jar
2025-02-25 16:01:24,599 [Worker-24: Launching Executing verify in _home_smarcfs_Área de trabalho_aula java_teste] INFO  o.eclipse.m2e.core.internal.Bundles - getClasspathEntries(Bundle=com.google.guava.failureaccess_1.0.2 [30])
2025-02-25 16:01:24,600 [Worker-24: Launching Executing verify in _home_smarcfs_Área de trabalho_aula java_teste] INFO  o.eclipse.m2e.core.internal.Bundles - 	Entry: /opt/sts-4.28.1.RELEASE/plugins/com.google.guava.failureaccess_1.0.2.jar
2025-02-25 16:01:24,600 [Worker-24: Launching Executing verify in _home_smarcfs_Área de trabalho_aula java_teste] INFO  o.e.m.i.launch.MavenLaunchDelegate - Run build in "/home/smarcfs/Área de trabalho/aula java/teste":
2025-02-25 16:01:24,600 [Worker-24: Launching Executing verify in _home_smarcfs_Área de trabalho_aula java_teste] INFO  o.e.m.i.launch.MavenLaunchDelegate -  mvn  -B -Dstyle.color=always verify
2025-02-25 16:12:30,223 [Worker-22: Launching teste - TesteApplication] INFO  o.a.m.s.f.DefaultMavenResourcesFiltering - Copying 1 resource from src/main/resources to target/classes
2025-02-25 16:12:30,243 [Worker-22: Launching teste - TesteApplication] INFO  o.a.m.s.f.DefaultMavenResourcesFiltering - Copying 0 resource from src/main/resources to target/classes
2025-02-25 16:12:30,249 [Worker-22: Launching teste - TesteApplication] INFO  o.a.m.s.f.DefaultMavenResourcesFiltering - skip non existing resourceDirectory /home/smarcfs/Área de trabalho/aula java/teste/src/test/resources
2025-02-25 16:15:01,695 [Worker-27: Building] INFO  o.a.m.s.f.DefaultMavenResourcesFiltering - Copying 2 resources from src/main/resources to target/classes
2025-02-25 16:15:01,703 [Worker-27: Building] INFO  o.a.m.s.f.DefaultMavenResourcesFiltering - Copying 0 resource from src/main/resources to target/classes
2025-02-25 16:15:01,705 [Worker-27: Building] INFO  o.a.m.s.f.DefaultMavenResourcesFiltering - skip non existing resourceDirectory /home/smarcfs/Área de trabalho/aula java/teste/src/test/resources
2025-02-25 16:41:50,204 [Worker-2: Loading available Gradle versions] INFO  o.e.b.c.i.u.g.PublishedGradleVersions - Gradle version information cache is up-to-date. Trying to read.
2025-02-25 16:43:49,277 [Worker-1: Building] INFO  o.a.m.s.f.DefaultMavenResourcesFiltering - Copying 2 resources from src/main/resources to target/classes
2025-02-25 16:43:49,304 [Worker-1: Building] INFO  o.a.m.s.f.DefaultMavenResourcesFiltering - Copying 0 resource from src/main/resources to target/classes
2025-02-25 16:43:49,310 [Worker-1: Building] INFO  o.a.m.s.f.DefaultMavenResourcesFiltering - skip non existing resourceDirectory /home/smarcfs/Área de trabalho/aula java/teste/src/test/resources
